[dotenv@17.2.3] injecting env (0) from .env.local -- tip: ΓÜÖ∩╕Å  write to custom object with { processEnv: myObject }
node.exe : D:\UBIG\Projek\P
resensi-New\node_modules\@s
upabase\supabase-js\src\lib
\helpers.ts:86
At line:1 char:1
+ & "C:\Program 
Files\nodejs/node.exe" "C:\
Users\hp14f\AppData\Roaming
\ ...
+ ~~~~~~~~~~~~~~~~~~~~~~~~~
~~~~~~~~~~~~~~~~~~~~~~~~~~~
~~~~~~~~~~~~~~~~~
    + CategoryInfo         
     : NotSpecified: (D:\  
  UBIG\Projek\...b\helpe   
 rs.ts:86:String) [], R    
emoteException
    + FullyQualifiedErrorI 
   d : NativeCommandError
 
    throw new 
Error('supabaseUrl is 
required.')
          ^


Error: supabaseUrl is 
required.
    at validateSupabaseUrl 
(D:\UBIG\Projek\Presensi-Ne
w\node_modules\@supabase\su
pabase-js\src\lib\helpers.t
s:86:11)
    at new SupabaseClient (
D:\UBIG\Projek\Presensi-New
\node_modules\@supabase\sup
abase-js\src\SupabaseClient
.ts:110:40)
    at createClient (D:\UBI
G\Projek\Presensi-New\node_
modules\@supabase\supabase-
js\src\index.ts:46:10)
    at <anonymous> (D:\UBIG
\Projek\Presensi-New\test.t
s:8:18)
    at Object.<anonymous> (
D:\UBIG\Projek\Presensi-New
\test.ts:42:6)
    at Module._compile (nod
e:internal/modules/cjs/load
er:1706:14)
    at Object.transformer (
C:\Users\hp14f\AppData\Loca
l\npm-cache\_npx\fd45a72a54
5557e9\node_modules\tsx\dis
t\register-D46fvsV_.cjs:3:1
104)
    at Module.load (node:in
ternal/modules/cjs/loader:1
441:32)
    at Function._load (node
:internal/modules/cjs/loade
r:1263:12)
    at 
TracingChannel.traceSync (n
ode:diagnostics_channel:322
:14)

Node.js v22.19.0
