src/app/invite/accept/[token]/page.tsx(38,1): error TS6192: All imports in import declaration are unused.
