src/action/invitations.ts(354,19): error TS6133: 'foundUsers' is declared but its value is never read.
src/action/invitations.ts(354,49): error TS6133: 'searchError' is declared but its value is never read.
src/action/users.ts(168,41): error TS6133: 'adminError' is declared but its value is never read.
src/app/invite/accept/[token]/page.tsx(38,35): error TS6133: 'AlertTitle' is declared but its value is never read.
src/app/invite/accept/[token]/page.tsx(39,1): error TS6133: 'Separator' is declared but its value is never read.
